
Memory Configuration

Name             Origin             Length             Attributes
flash            0x08000000         0x00020000         xr
sram             0x20000000         0x00005000         xrw
*default*        0x00000000         0xffffffff

Linker script and memory map


.text           0x08000000      0x178
 *(.vectors*)
 .vectors       0x08000000       0x1c startup.o
                0x08000000                vectors
 *(.text*)
 .text          0x0800001c       0xa0 main.o
                0x0800001c                main
 .text          0x080000bc       0xbc startup.o
                0x080000bc                Reset_Handler
                0x0800016c                Usage_fault_Handler
                0x0800016c                MM_Fault_Handler
                0x0800016c                NMI_Handler
                0x0800016c                Bus_Fault
                0x0800016c                H_fault_Handler
                0x0800016c                Defualt_Handler
 *(.rodata)
                0x08000178                _E_text = .

.glue_7         0x08000178        0x0
 .glue_7        0x00000000        0x0 linker stubs

.glue_7t        0x08000178        0x0
 .glue_7t       0x00000000        0x0 linker stubs

.vfp11_veneer   0x08000178        0x0
 .vfp11_veneer  0x00000000        0x0 linker stubs

.v4_bx          0x08000178        0x0
 .v4_bx         0x00000000        0x0 linker stubs

.iplt           0x08000178        0x0
 .iplt          0x00000000        0x0 main.o

.rel.dyn        0x08000178        0x0
 .rel.iplt      0x00000000        0x0 main.o

.data           0x20000000        0xc load address 0x08000178
                0x20000000                _S_DATA = .
 *(.data)
 .data          0x20000000        0xc main.o
                0x20000000                RCC_APB2ENR
                0x20000004                PortA_R_ODR
                0x20000008                PortA_R_CHR
 .data          0x2000000c        0x0 startup.o
                0x2000000c                . = ALIGN (0x4)
                0x2000000c                _E_DATA = .

.igot.plt       0x2000000c        0x0 load address 0x08000184
 .igot.plt      0x00000000        0x0 main.o

.bss            0x2000000c     0x1000 load address 0x08000184
                0x2000000c                _S_bss = .
 *(.bss)
 .bss           0x2000000c        0x0 main.o
 .bss           0x2000000c        0x0 startup.o
                0x2000000c                _E_bss = .
                0x2000000c                . = ALIGN (0x4)
                0x2000100c                . = (. + 0x1000)
 *fill*         0x2000000c     0x1000 
                0x2000100c                _stack_top = .
LOAD main.o
LOAD startup.o
OUTPUT(learn-in-depth-cortex-m3.elf elf32-littlearm)

.debug_info     0x00000000      0x32e
 .debug_info    0x00000000      0x1c5 main.o
 .debug_info    0x000001c5      0x169 startup.o

.debug_abbrev   0x00000000      0x190
 .debug_abbrev  0x00000000       0xcc main.o
 .debug_abbrev  0x000000cc       0xc4 startup.o

.debug_loc      0x00000000       0x9c
 .debug_loc     0x00000000       0x38 main.o
 .debug_loc     0x00000038       0x64 startup.o

.debug_aranges  0x00000000       0x40
 .debug_aranges
                0x00000000       0x20 main.o
 .debug_aranges
                0x00000020       0x20 startup.o

.debug_line     0x00000000       0xfd
 .debug_line    0x00000000       0x56 main.o
 .debug_line    0x00000056       0xa7 startup.o

.debug_str      0x00000000      0x1d7
 .debug_str     0x00000000       0xf5 main.o
                                0x102 (size before relaxing)
 .debug_str     0x000000f5       0xe2 startup.o
                                0x17a (size before relaxing)

.comment        0x00000000       0x11
 .comment       0x00000000       0x11 main.o
                                 0x12 (size before relaxing)
 .comment       0x00000000       0x12 startup.o

.ARM.attributes
                0x00000000       0x33
 .ARM.attributes
                0x00000000       0x33 main.o
 .ARM.attributes
                0x00000033       0x33 startup.o

.debug_frame    0x00000000       0x78
 .debug_frame   0x00000000       0x2c main.o
 .debug_frame   0x0000002c       0x4c startup.o
