19:55:25 **** Incremental Build of configuration Debug for project Toggle-Led ****
make -j12 all 
arm-none-eabi-size   Toggle-Led.elf 
   text	   data	    bss	    dec	    hex	filename
    672	     20	   1564	   2256	    8d0	Toggle-Led.elf
Finished building: default.size.stdout
 
19:57:21 **** Incremental Build of configuration Debug for project Toggle-Led ****
make -j12 all 
arm-none-eabi-gcc "../Src/main.c" -mcpu=cortex-m3 -std=gnu11 -g3 -DDEBUG -DSTM32 -DSTM32F1 -DSTM32F103C6Tx -c -I../Inc -O0 -ffunction-sections -fdata-sections -Wall -fstack-usage -fcyclomatic-complexity -MMD -MP -MF"Src/main.d" -MT"Src/main.o" --specs=nano.specs -mfloat-abi=soft -mthumb -o "Src/main.o"
arm-none-eabi-gcc -o "Toggle-Led.elf" @"objects.list"   -mcpu=cortex-m3 -T"F:\Mastering Embedded System\githup_rebo\embedded_System_Online_Diploma\Unit_3\2- Lab1_ Toggle Led Lab\Toggle-Led\STM32F103C6TX_FLASH.ld" --specs=nosys.specs -Wl,-Map="Toggle-Led.map" -Wl,--gc-sections -static --specs=nano.specs -mfloat-abi=soft -mthumb -Wl,--start-group -lc -lm -Wl,--end-group
Finished building target: Toggle-Led.elf
 
arm-none-eabi-size   Toggle-Led.elf 
arm-none-eabi-objdump -h -S  Toggle-Led.elf  > "Toggle-Led.list"
   text	   data	    bss	    dec	    hex	filename
    672	     20	   1564	   2256	    8d0	Toggle-Led.elf
Finished building: default.size.stdout
 
Finished building: Toggle-Led.list
 
19:58:07 **** Incremental Build of configuration Debug for project Toggle-Led ****
make -j12 all 
arm-none-eabi-gcc "../Src/main.c" -mcpu=cortex-m3 -std=gnu11 -g3 -DDEBUG -DSTM32 -DSTM32F1 -DSTM32F103C6Tx -c -I../Inc -O0 -ffunction-sections -fdata-sections -Wall -fstack-usage -fcyclomatic-complexity -MMD -MP -MF"Src/main.d" -MT"Src/main.o" --specs=nano.specs -mfloat-abi=soft -mthumb -o "Src/main.o"
arm-none-eabi-gcc -o "Toggle-Led.elf" @"objects.list"   -mcpu=cortex-m3 -T"F:\Mastering Embedded System\githup_rebo\embedded_System_Online_Diploma\Unit_3\2- Lab1_ Toggle Led Lab\Toggle-Led\STM32F103C6TX_FLASH.ld" --specs=nosys.specs -Wl,-Map="Toggle-Led.map" -Wl,--gc-sections -static --specs=nano.specs -mfloat-abi=soft -mthumb -Wl,--start-group -lc -lm -Wl,--end-group
Finished building target: Toggle-Led.elf
 
arm-none-eabi-size   Toggle-Led.elf 
arm-none-eabi-objdump -h -S  Toggle-Led.elf  > "Toggle-Led.list"
   text	   data	    bss	    dec	    hex	filename
    668	     20	   1564	   2252	    8cc	Toggle-Led.elf
Finished building: default.size.stdout
 
Finished building: Toggle-Led.list
 
19:59:16 **** Incremental Build of configuration Debug for project Toggle-Led ****
make -j12 all 
arm-none-eabi-gcc "../Src/main.c" -mcpu=cortex-m3 -std=gnu11 -g3 -DDEBUG -DSTM32 -DSTM32F1 -DSTM32F103C6Tx -c -I../Inc -O0 -ffunction-sections -fdata-sections -Wall -fstack-usage -fcyclomatic-complexity -MMD -MP -MF"Src/main.d" -MT"Src/main.o" --specs=nano.specs -mfloat-abi=soft -mthumb -o "Src/main.o"
arm-none-eabi-gcc -o "Toggle-Led.elf" @"objects.list"   -mcpu=cortex-m3 -T"F:\Mastering Embedded System\githup_rebo\embedded_System_Online_Diploma\Unit_3\2- Lab1_ Toggle Led Lab\Toggle-Led\STM32F103C6TX_FLASH.ld" --specs=nosys.specs -Wl,-Map="Toggle-Led.map" -Wl,--gc-sections -static --specs=nano.specs -mfloat-abi=soft -mthumb -Wl,--start-group -lc -lm -Wl,--end-group
Finished building target: Toggle-Led.elf
 
arm-none-eabi-size   Toggle-Led.elf 
arm-none-eabi-objdump -h -S  Toggle-Led.elf  > "Toggle-Led.list"
   text	   data	    bss	    dec	    hex	filename
    668	     20	   1564	   2252	    8cc	Toggle-Led.elf
Finished building: default.size.stdout
 
Finished building: Toggle-Led.list
 
20:04:36 **** Incremental Build of configuration Debug for project Toggle-Led ****
make -j12 all 
arm-none-eabi-gcc -gdwarf-2 -mcpu=cortex-m3 -g3 -DDEBUG -c -x assembler-with-cpp -MMD -MP -MF"Startup/startup_stm32f103c6tx.d" -MT"Startup/startup_stm32f103c6tx.o" --specs=nano.specs -mfloat-abi=soft -mthumb -o "Startup/startup_stm32f103c6tx.o" "../Startup/startup_stm32f103c6tx.s"
arm-none-eabi-gcc -gdwarf-2 "../Src/main.c" -mcpu=cortex-m3 -std=gnu11 -g3 -DDEBUG -DSTM32 -DSTM32F1 -DSTM32F103C6Tx -c -I../Inc -O0 -ffunction-sections -fdata-sections -Wall -fstack-usage -fcyclomatic-complexity -MMD -MP -MF"Src/main.d" -MT"Src/main.o" --specs=nano.specs -mfloat-abi=soft -mthumb -o "Src/main.o"
arm-none-eabi-gcc -gdwarf-2 "../Src/syscalls.c" -mcpu=cortex-m3 -std=gnu11 -g3 -DDEBUG -DSTM32 -DSTM32F1 -DSTM32F103C6Tx -c -I../Inc -O0 -ffunction-sections -fdata-sections -Wall -fstack-usage -fcyclomatic-complexity -MMD -MP -MF"Src/syscalls.d" -MT"Src/syscalls.o" --specs=nano.specs -mfloat-abi=soft -mthumb -o "Src/syscalls.o"
arm-none-eabi-gcc -gdwarf-2 "../Src/sysmem.c" -mcpu=cortex-m3 -std=gnu11 -g3 -DDEBUG -DSTM32 -DSTM32F1 -DSTM32F103C6Tx -c -I../Inc -O0 -ffunction-sections -fdata-sections -Wall -fstack-usage -fcyclomatic-complexity -MMD -MP -MF"Src/sysmem.d" -MT"Src/sysmem.o" --specs=nano.specs -mfloat-abi=soft -mthumb -o "Src/sysmem.o"
arm-none-eabi-gcc -gdwarf-2 -o "Toggle-Led.elf" @"objects.list"   -mcpu=cortex-m3 -T"F:\Mastering Embedded System\githup_rebo\embedded_System_Online_Diploma\Unit_3\2- Lab1_ Toggle Led Lab\Toggle-Led\STM32F103C6TX_FLASH.ld" --specs=nosys.specs -Wl,-Map="Toggle-Led.map" -Wl,--gc-sections -static --specs=nano.specs -mfloat-abi=soft -mthumb -Wl,--start-group -lc -lm -Wl,--end-group
Finished building target: Toggle-Led.elf
 
arm-none-eabi-size   Toggle-Led.elf 
arm-none-eabi-objdump -h -S  Toggle-Led.elf  > "Toggle-Led.list"
   text	   data	    bss	    dec	    hex	filename
    668	     20	   1564	   2252	    8cc	Toggle-Led.elf
Finished building: default.size.stdout
 
Finished building: Toggle-Led.list
 
20:16:45 **** Incremental Build of configuration Debug for project Toggle-Led ****
make -j12 all 
arm-none-eabi-gcc -gdwarf-2 "../Src/main.c" -mcpu=cortex-m3 -std=gnu11 -g3 -DDEBUG -DSTM32 -DSTM32F1 -DSTM32F103C6Tx -c -I../Inc -O0 -ffunction-sections -fdata-sections -Wall -fstack-usage -fcyclomatic-complexity -MMD -MP -MF"Src/main.d" -MT"Src/main.o" --specs=nano.specs -mfloat-abi=soft -mthumb -o "Src/main.o"
arm-none-eabi-gcc -gdwarf-2 -o "Toggle-Led.elf" @"objects.list"   -mcpu=cortex-m3 -T"F:\Mastering Embedded System\githup_rebo\embedded_System_Online_Diploma\Unit_3\2- Lab1_ Toggle Led Lab\Toggle-Led\STM32F103C6TX_FLASH.ld" --specs=nosys.specs -Wl,-Map="Toggle-Led.map" -Wl,--gc-sections -static --specs=nano.specs -mfloat-abi=soft -mthumb -Wl,--start-group -lc -lm -Wl,--end-group
Finished building target: Toggle-Led.elf
 
arm-none-eabi-size   Toggle-Led.elf 
arm-none-eabi-objdump -h -S  Toggle-Led.elf  > "Toggle-Led.list"
   text	   data	    bss	    dec	    hex	filename
    672	     20	   1564	   2256	    8d0	Toggle-Led.elf
Finished building: default.size.stdout
 
Finished building: Toggle-Led.list
 
20:24:58 **** Incremental Build of configuration Debug for project Toggle-Led ****
make -j12 all 
arm-none-eabi-size   Toggle-Led.elf 
   text	   data	    bss	    dec	    hex	filename
    672	     20	   1564	   2256	    8d0	Toggle-Led.elf
Finished building: default.size.stdout
 
20:25:44 **** Incremental Build of configuration Debug for project Toggle-Led ****
make -j12 all 
arm-none-eabi-gcc -gdwarf-2 "../Src/main.c" -mcpu=cortex-m3 -std=gnu11 -g3 -DDEBUG -DSTM32 -DSTM32F1 -DSTM32F103C6Tx -c -I../Inc -O0 -ffunction-sections -fdata-sections -Wall -fstack-usage -fcyclomatic-complexity -MMD -MP -MF"Src/main.d" -MT"Src/main.o" --specs=nano.specs -mfloat-abi=soft -mthumb -o "Src/main.o"
arm-none-eabi-gcc -gdwarf-2 -o "Toggle-Led.elf" @"objects.list"   -mcpu=cortex-m3 -T"F:\Mastering Embedded System\githup_rebo\embedded_System_Online_Diploma\Unit_3\2- Lab1_ Toggle Led Lab\Toggle-Led\STM32F103C6TX_FLASH.ld" --specs=nosys.specs -Wl,-Map="Toggle-Led.map" -Wl,--gc-sections -static --specs=nano.specs -mfloat-abi=soft -mthumb -Wl,--start-group -lc -lm -Wl,--end-group
Finished building target: Toggle-Led.elf
 
arm-none-eabi-size   Toggle-Led.elf 
arm-none-eabi-objdump -h -S  Toggle-Led.elf  > "Toggle-Led.list"
   text	   data	    bss	    dec	    hex	filename
    672	     20	   1564	   2256	    8d0	Toggle-Led.elf
Finished building: default.size.stdout
 
Finished building: Toggle-Led.list
 
20:26:46 **** Incremental Build of configuration Debug for project Toggle-Led ****
make -j12 all 
arm-none-eabi-size   Toggle-Led.elf 
   text	   data	    bss	    dec	    hex	filename
    672	     20	   1564	   2256	    8d0	Toggle-Led.elf
Finished building: default.size.stdout
 
20:30:34 **** Incremental Build of configuration Debug for project Toggle-Led ****
make -j12 all 
arm-none-eabi-gcc -gdwarf-2 "../Src/main.c" -mcpu=cortex-m3 -std=gnu11 -g3 -DDEBUG -DSTM32 -DSTM32F1 -DSTM32F103C6Tx -c -I../Inc -O0 -ffunction-sections -fdata-sections -Wall -fstack-usage -fcyclomatic-complexity -MMD -MP -MF"Src/main.d" -MT"Src/main.o" --specs=nano.specs -mfloat-abi=soft -mthumb -o "Src/main.o"
arm-none-eabi-gcc -gdwarf-2 -o "Toggle-Led.elf" @"objects.list"   -mcpu=cortex-m3 -T"F:\Mastering Embedded System\githup_rebo\embedded_System_Online_Diploma\Unit_3\2- Lab1_ Toggle Led Lab\Toggle-Led\STM32F103C6TX_FLASH.ld" --specs=nosys.specs -Wl,-Map="Toggle-Led.map" -Wl,--gc-sections -static --specs=nano.specs -mfloat-abi=soft -mthumb -Wl,--start-group -lc -lm -Wl,--end-group
Finished building target: Toggle-Led.elf
 
arm-none-eabi-size   Toggle-Led.elf 
arm-none-eabi-objdump -h -S  Toggle-Led.elf  > "Toggle-Led.list"
   text	   data	    bss	    dec	    hex	filename
    672	     20	   1564	   2256	    8d0	Toggle-Led.elf
Finished building: default.size.stdout
 
Finished building: Toggle-Led.list
 
