20:30:34 **** Incremental Build of configuration Debug for project Toggle-Led ****
make -j12 all 
arm-none-eabi-gcc -gdwarf-2 "../Src/main.c" -mcpu=cortex-m3 -std=gnu11 -g3 -DDEBUG -DSTM32 -DSTM32F1 -DSTM32F103C6Tx -c -I../Inc -O0 -ffunction-sections -fdata-sections -Wall -fstack-usage -fcyclomatic-complexity -MMD -MP -MF"Src/main.d" -MT"Src/main.o" --specs=nano.specs -mfloat-abi=soft -mthumb -o "Src/main.o"
arm-none-eabi-gcc -gdwarf-2 -o "Toggle-Led.elf" @"objects.list"   -mcpu=cortex-m3 -T"F:\Mastering Embedded System\githup_rebo\embedded_System_Online_Diploma\Unit_3\2- Lab1_ Toggle Led Lab\Toggle-Led\STM32F103C6TX_FLASH.ld" --specs=nosys.specs -Wl,-Map="Toggle-Led.map" -Wl,--gc-sections -static --specs=nano.specs -mfloat-abi=soft -mthumb -Wl,--start-group -lc -lm -Wl,--end-group
Finished building target: Toggle-Led.elf
 
arm-none-eabi-size   Toggle-Led.elf 
arm-none-eabi-objdump -h -S  Toggle-Led.elf  > "Toggle-Led.list"
   text	   data	    bss	    dec	    hex	filename
    672	     20	   1564	   2256	    8d0	Toggle-Led.elf
Finished building: default.size.stdout
 
Finished building: Toggle-Led.list
 

20:30:34 Build Finished. 0 errors, 0 warnings. (took 459ms)

